C:\OZNA\BR\IP001\Logical\Global.typ
C:\OZNA\BR\IP001\Logical\Global.var
C:\OZNA\BR\IP001\Logical\Libraries\operator\operator.fun
C:\OZNA\BR\IP001\Logical\Libraries\operator\operator.typ
C:\OZNA\BR\IP001\Logical\Libraries\operator\operator.var
C:\OZNA\BR\IP001\Logical\Libraries\runtime\runtime.fun
C:\OZNA\BR\IP001\Logical\Libraries\runtime\runtime.typ
C:\OZNA\BR\IP001\Logical\Libraries\runtime\runtime.var
C:\OZNA\BR\IP001\Logical\Libraries\astime\astime.fun
C:\OZNA\BR\IP001\Logical\Libraries\astime\astime.typ
C:\OZNA\BR\IP001\Logical\Libraries\astime\astime.var
C:\OZNA\BR\IP001\Logical\Libraries\AsIecCon\AsIecCon.fun
C:\OZNA\BR\IP001\Logical\Libraries\AsIecCon\AsIecCon.typ
C:\OZNA\BR\IP001\Logical\Libraries\AsIecCon\AsIecCon.var
C:\OZNA\BR\IP001\Logical\Libraries\Lib489\Types.typ
C:\OZNA\BR\IP001\Logical\Libraries\Lib489\Constants.var
C:\OZNA\BR\IP001\Logical\Libraries\Lib489\Lib489.fun
C:\OZNA\BR\IP001\Logical\Libraries\LibIP001\Types.typ
C:\OZNA\BR\IP001\Logical\Libraries\LibIP001\Constants.var
C:\OZNA\BR\IP001\Logical\Libraries\LibIP001\LibIP001.fun
C:\OZNA\BR\IP001\Logical\Libraries\standard\standard.fun
C:\OZNA\BR\IP001\Logical\Libraries\standard\standard.typ
C:\OZNA\BR\IP001\Logical\Libraries\standard\standard.var
C:\OZNA\BR\IP001\Logical\Libraries\AsMbTCP\AsMbTCP.fun
C:\OZNA\BR\IP001\Logical\Libraries\AsMbTCP\AsMbTCP.typ
C:\OZNA\BR\IP001\Logical\Libraries\AsMbTCP\AsMbTCP.var
C:\OZNA\BR\IP001\Logical\Libraries\AsBrStr\AsBrStr.fun
C:\OZNA\BR\IP001\Logical\Libraries\AsBrStr\AsBrStr.typ
C:\OZNA\BR\IP001\Logical\Libraries\AsBrStr\AsBrStr.var
C:\OZNA\BR\IP001\Logical\Libraries\asstring\asstring.fun
C:\OZNA\BR\IP001\Logical\Libraries\asstring\asstring.typ
C:\OZNA\BR\IP001\Logical\Libraries\asstring\asstring.var
C:\OZNA\BR\IP001\Logical\Libraries\MTBasics\MTBasics.fun
C:\OZNA\BR\IP001\Logical\Libraries\MTBasics\MTBasics.typ
C:\OZNA\BR\IP001\Logical\Libraries\MTBasics\MTBasics.var
C:\OZNA\BR\IP001\Logical\Libraries\DRV_mbus\DRV_mbus.fun
C:\OZNA\BR\IP001\Logical\Libraries\DRV_mbus\DRV_mbus.typ
C:\OZNA\BR\IP001\Logical\Libraries\DRV_mbus\DRV_mbus.var
C:\OZNA\BR\IP001\Logical\Libraries\DataObj\DataObj.fun
C:\OZNA\BR\IP001\Logical\Libraries\DataObj\DataObj.typ
C:\OZNA\BR\IP001\Logical\Libraries\DataObj\DataObj.var
C:\OZNA\BR\IP001\Logical\Libraries\sys_lib\sys_lib.fun
C:\OZNA\BR\IP001\Logical\Libraries\sys_lib\sys_lib.typ
C:\OZNA\BR\IP001\Logical\Libraries\sys_lib\sys_lib.var
C:\OZNA\BR\IP001\Logical\Libraries\brsystem\brsystem.fun
C:\OZNA\BR\IP001\Logical\Libraries\brsystem\brsystem.typ
C:\OZNA\BR\IP001\Logical\Libraries\brsystem\brsystem.var
C:\OZNA\BR\IP001\Logical\Libraries\MTTypes\MTTypes.fun
C:\OZNA\BR\IP001\Logical\Libraries\MTTypes\MTTypes.typ
C:\OZNA\BR\IP001\Logical\Libraries\MTTypes\MTTypes.var
C:\OZNA\BR\IP001\Logical\Libraries\dvframe\dvframe.fun
C:\OZNA\BR\IP001\Logical\Libraries\dvframe\dvframe.typ
C:\OZNA\BR\IP001\Logical\Libraries\dvframe\dvframe.var
