<?xml version="1.0" encoding="utf-8"?>
<?AutomationStudio Version="4.7.3.93 SP"?>
<Objects>
  <Object
    Path="C:\Users\User\Desktop\IP001\Logical\Package.pkg"
    LogicalPath=""
    Type="Package.ParentUnknown"
    LastWriteTime="132803073275406199" />
  <Object
    Path="C:\Users\User\Desktop\IP001\Logical\Global.typ"
    LogicalPath="Global.typ"
    Type="File"
    LastWriteTime="132803073275256821"
    Private="false" />
  <Object
    Path="C:\Users\User\Desktop\IP001\Logical\Global.var"
    LogicalPath="Global.var"
    Type="File"
    LastWriteTime="132803073275345559"
    Private="false" />
  <Object
    Path="C:\Users\User\Desktop\IP001\Logical\Libraries\Package.pkg"
    LogicalPath="Libraries"
    Type="Package"
    LastWriteTime="132803073286528095" />
  <Object
    Path="C:\Users\User\Desktop\IP001\Logical\Libraries\operator\binary.lby"
    LogicalPath="Libraries.operator"
    Type="Library"
    LastWriteTime="132682918500000000" />
  <Object
    Path="C:\Users\User\Desktop\IP001\Logical\Libraries\operator\operator.fun"
    LogicalPath="Libraries.operator.operator.fun"
    Type="File"
    LastWriteTime="132803073296285010"
    Private="false" />
  <Object
    Path="C:\Users\User\Desktop\IP001\Logical\Libraries\operator\operator.typ"
    LogicalPath="Libraries.operator.operator.typ"
    Type="File"
    LastWriteTime="132803073296374961"
    Private="false" />
  <Object
    Path="C:\Users\User\Desktop\IP001\Logical\Libraries\operator\operator.var"
    LogicalPath="Libraries.operator.operator.var"
    Type="File"
    LastWriteTime="132803073296464912"
    Private="false" />
  <Object
    Path="C:\Users\User\Desktop\IP001\Logical\Libraries\runtime\binary.lby"
    LogicalPath="Libraries.runtime"
    Type="Library"
    LastWriteTime="132682918500000000" />
  <Object
    Path="C:\Users\User\Desktop\IP001\Logical\Libraries\runtime\runtime.fun"
    LogicalPath="Libraries.runtime.runtime.fun"
    Type="File"
    LastWriteTime="132803073296914609"
    Private="false" />
  <Object
    Path="C:\Users\User\Desktop\IP001\Logical\Libraries\runtime\runtime.typ"
    LogicalPath="Libraries.runtime.runtime.typ"
    Type="File"
    LastWriteTime="132803073297034534"
    Private="false" />
  <Object
    Path="C:\Users\User\Desktop\IP001\Logical\Libraries\runtime\runtime.var"
    LogicalPath="Libraries.runtime.runtime.var"
    Type="File"
    LastWriteTime="132803073297444312"
    Private="false" />
  <Object
    Path="C:\Users\User\Desktop\IP001\Logical\Libraries\astime\binary.lby"
    LogicalPath="Libraries.astime"
    Type="Library"
    LastWriteTime="132682918520000000" />
  <Object
    Path="C:\Users\User\Desktop\IP001\Logical\Libraries\astime\astime.fun"
    LogicalPath="Libraries.astime.astime.fun"
    Type="File"
    LastWriteTime="132803073288612133"
    Private="false" />
  <Object
    Path="C:\Users\User\Desktop\IP001\Logical\Libraries\astime\astime.typ"
    LogicalPath="Libraries.astime.astime.typ"
    Type="File"
    LastWriteTime="132803073288682094"
    Private="false" />
  <Object
    Path="C:\Users\User\Desktop\IP001\Logical\Libraries\astime\astime.var"
    LogicalPath="Libraries.astime.astime.var"
    Type="File"
    LastWriteTime="132803073288761792"
    Private="false" />
  <Object
    Path="C:\Users\User\Desktop\IP001\Logical\Libraries\AsIecCon\binary.lby"
    LogicalPath="Libraries.AsIecCon"
    Type="Library"
    LastWriteTime="132682918520000000" />
  <Object
    Path="C:\Users\User\Desktop\IP001\Logical\Libraries\AsIecCon\AsIecCon.fun"
    LogicalPath="Libraries.AsIecCon.AsIecCon.fun"
    Type="File"
    LastWriteTime="132803073287185197"
    Private="false" />
  <Object
    Path="C:\Users\User\Desktop\IP001\Logical\Libraries\AsIecCon\AsIecCon.typ"
    LogicalPath="Libraries.AsIecCon.AsIecCon.typ"
    Type="File"
    LastWriteTime="132803073287254991"
    Private="false" />
  <Object
    Path="C:\Users\User\Desktop\IP001\Logical\Libraries\AsIecCon\AsIecCon.var"
    LogicalPath="Libraries.AsIecCon.AsIecCon.var"
    Type="File"
    LastWriteTime="132803073287324947"
    Private="false" />
  <Object
    Path="C:\Users\User\Desktop\IP001\Logical\Libraries\Lib489\IEC.lby"
    LogicalPath="Libraries.Lib489"
    Type="Library"
    LastWriteTime="132803073292807166" />
  <Object
    Path="C:\Users\User\Desktop\IP001\Logical\Libraries\Lib489\Types.typ"
    LogicalPath="Libraries.Lib489.Types.typ"
    Type="File"
    LastWriteTime="132803073293463131"
    Private="false" />
  <Object
    Path="C:\Users\User\Desktop\IP001\Logical\Libraries\Lib489\Constants.var"
    LogicalPath="Libraries.Lib489.Constants.var"
    Type="File"
    LastWriteTime="132803073291297749"
    Private="false" />
  <Object
    Path="C:\Users\User\Desktop\IP001\Logical\Libraries\Lib489\Lib489.fun"
    LogicalPath="Libraries.Lib489.Lib489.fun"
    Type="File"
    LastWriteTime="132803073292884664"
    Private="false" />
  <Object
    Path="C:\Users\User\Desktop\IP001\Logical\Libraries\Lib489\FPostGassing.st"
    LogicalPath="Libraries.Lib489.FPostGassing.st"
    Type="File"
    LastWriteTime="132803073292495214"
    Private="false" />
  <Object
    Path="C:\Users\User\Desktop\IP001\Logical\Libraries\Lib489\FValve.st"
    LogicalPath="Libraries.Lib489.FValve.st"
    Type="File"
    LastWriteTime="132803073292745292"
    Private="false" />
  <Object
    Path="C:\Users\User\Desktop\IP001\Logical\Libraries\Lib489\FAI.st"
    LogicalPath="Libraries.Lib489.FAI.st"
    Type="File"
    LastWriteTime="132803073291387922"
    Private="false" />
  <Object
    Path="C:\Users\User\Desktop\IP001\Logical\Libraries\Lib489\FDI.st"
    LogicalPath="Libraries.Lib489.FDI.st"
    Type="File"
    LastWriteTime="132803073291901763"
    Private="false" />
  <Object
    Path="C:\Users\User\Desktop\IP001\Logical\Libraries\Lib489\FDO.st"
    LogicalPath="Libraries.Lib489.FDO.st"
    Type="File"
    LastWriteTime="132803073292065687"
    Private="false" />
  <Object
    Path="C:\Users\User\Desktop\IP001\Logical\Libraries\Lib489\FAO.st"
    LogicalPath="Libraries.Lib489.FAO.st"
    Type="File"
    LastWriteTime="132803073291567601"
    Private="false" />
  <Object
    Path="C:\Users\User\Desktop\IP001\Logical\Libraries\Lib489\FPIDreg_r.st"
    LogicalPath="Libraries.Lib489.FPIDreg_r.st"
    Type="File"
    LastWriteTime="132803073292415299"
    Private="false" />
  <Object
    Path="C:\Users\User\Desktop\IP001\Logical\Libraries\Lib489\FMotor.st"
    LogicalPath="Libraries.Lib489.FMotor.st"
    Type="File"
    LastWriteTime="132803073292225590"
    Private="false" />
  <Object
    Path="C:\Users\User\Desktop\IP001\Logical\Libraries\Lib489\PassportValve.st"
    LogicalPath="Libraries.Lib489.PassportValve.st"
    Type="File"
    LastWriteTime="132803073293397800"
    Private="false" />
  <Object
    Path="C:\Users\User\Desktop\IP001\Logical\Libraries\Lib489\PassportAI.st"
    LogicalPath="Libraries.Lib489.PassportAI.st"
    Type="File"
    LastWriteTime="132803073293317600"
    Private="false" />
  <Object
    Path="C:\Users\User\Desktop\IP001\Logical\Libraries\Lib489\FDISKRreg_r.st"
    LogicalPath="Libraries.Lib489.FDISKRreg_r.st"
    Type="File"
    LastWriteTime="132803073291985733"
    Private="false" />
  <Object
    Path="C:\Users\User\Desktop\IP001\Logical\Libraries\Lib489\UVP_TCP.st"
    LogicalPath="Libraries.Lib489.UVP_TCP.st"
    Type="File"
    LastWriteTime="132803073293633067"
    Private="false" />
  <Object
    Path="C:\Users\User\Desktop\IP001\Logical\Libraries\Lib489\FMHCounter.st"
    LogicalPath="Libraries.Lib489.FMHCounter.st"
    Type="File"
    LastWriteTime="132803073292145638"
    Private="false" />
  <Object
    Path="C:\Users\User\Desktop\IP001\Logical\Libraries\Lib489\FTorch.st"
    LogicalPath="Libraries.Lib489.FTorch.st"
    Type="File"
    LastWriteTime="132803073292665340"
    Private="false" />
  <Object
    Path="C:\Users\User\Desktop\IP001\Logical\Libraries\Lib489\ABAK_TCP.st"
    LogicalPath="Libraries.Lib489.ABAK_TCP.st"
    Type="File"
    LastWriteTime="132803073291153671"
    Private="false" />
  <Object
    Path="C:\Users\User\Desktop\IP001\Logical\Libraries\Lib489\FSwitch.st"
    LogicalPath="Libraries.Lib489.FSwitch.st"
    Type="File"
    LastWriteTime="132803073292575171"
    Private="false" />
  <Object
    Path="C:\Users\User\Desktop\IP001\Logical\Libraries\Lib489\fCmdCOM.st"
    LogicalPath="Libraries.Lib489.fCmdCOM.st"
    Type="File"
    LastWriteTime="132803073291821546"
    Private="false" />
  <Object
    Path="C:\Users\User\Desktop\IP001\Logical\Libraries\Lib489\fOpenCOM.st"
    LogicalPath="Libraries.Lib489.fOpenCOM.st"
    Type="File"
    LastWriteTime="132803073292325546"
    Private="false" />
  <Object
    Path="C:\Users\User\Desktop\IP001\Logical\Libraries\Lib489\fCloseCOM.st"
    LogicalPath="Libraries.Lib489.fCloseCOM.st"
    Type="File"
    LastWriteTime="132803073291731602"
    Private="false" />
  <Object
    Path="C:\Users\User\Desktop\IP001\Logical\Libraries\Lib489\FAlarm.st"
    LogicalPath="Libraries.Lib489.FAlarm.st"
    Type="File"
    LastWriteTime="132803073291477683"
    Private="false" />
  <Object
    Path="C:\Users\User\Desktop\IP001\Logical\Libraries\Lib489\UVP_RTU.st"
    LogicalPath="Libraries.Lib489.UVP_RTU.st"
    Type="File"
    LastWriteTime="132803073293543089"
    Private="false" />
  <Object
    Path="C:\Users\User\Desktop\IP001\Logical\Libraries\Lib489\mbReadHoldingRegs.st"
    LogicalPath="Libraries.Lib489.mbReadHoldingRegs.st"
    Type="File"
    LastWriteTime="132803073292964886"
    Private="false" />
  <Object
    Path="C:\Users\User\Desktop\IP001\Logical\Libraries\Lib489\mbReadInputRegs.st"
    LogicalPath="Libraries.Lib489.mbReadInputRegs.st"
    Type="File"
    LastWriteTime="132803073293054878"
    Private="false" />
  <Object
    Path="C:\Users\User\Desktop\IP001\Logical\Libraries\Lib489\mbWriteSingleReg.st"
    LogicalPath="Libraries.Lib489.mbWriteSingleReg.st"
    Type="File"
    LastWriteTime="132803073293224735"
    Private="false" />
  <Object
    Path="C:\Users\User\Desktop\IP001\Logical\Libraries\Lib489\mbWriteMultipleRegs.st"
    LogicalPath="Libraries.Lib489.mbWriteMultipleRegs.st"
    Type="File"
    LastWriteTime="132803073293145007"
    Private="false" />
  <Object
    Path="C:\Users\User\Desktop\IP001\Logical\Libraries\Lib489\ATV_Control.st"
    LogicalPath="Libraries.Lib489.ATV_Control.st"
    Type="File"
    LastWriteTime="132803073291233629"
    Private="false" />
  <Object
    Path="C:\Users\User\Desktop\IP001\Logical\Libraries\Lib489\fAuma_MB.st"
    LogicalPath="Libraries.Lib489.fAuma_MB.st"
    Type="File"
    LastWriteTime="132803073291651862"
    Private="false" />
  <Object
    Path="C:\Users\User\Desktop\IP001\Logical\Libraries\LibIP001\IEC.lby"
    LogicalPath="Libraries.LibIP001"
    Type="Library"
    LastWriteTime="132803073293814830" />
  <Object
    Path="C:\Users\User\Desktop\IP001\Logical\Libraries\LibIP001\Types.typ"
    LogicalPath="Libraries.LibIP001.Types.typ"
    Type="File"
    LastWriteTime="132803073294062829"
    Private="false" />
  <Object
    Path="C:\Users\User\Desktop\IP001\Logical\Libraries\LibIP001\Constants.var"
    LogicalPath="Libraries.LibIP001.Constants.var"
    Type="File"
    LastWriteTime="132803073293744853"
    Private="false" />
  <Object
    Path="C:\Users\User\Desktop\IP001\Logical\Libraries\LibIP001\LibIP001.fun"
    LogicalPath="Libraries.LibIP001.LibIP001.fun"
    Type="File"
    LastWriteTime="132803073293982849"
    Private="false" />
  <Object
    Path="C:\Users\User\Desktop\IP001\Logical\Libraries\LibIP001\Valve_Biffi.st"
    LogicalPath="Libraries.LibIP001.Valve_Biffi.st"
    Type="File"
    LastWriteTime="132803073294224141"
    Private="false" />
  <Object
    Path="C:\Users\User\Desktop\IP001\Logical\Libraries\LibIP001\Level_Insol.st"
    LogicalPath="Libraries.LibIP001.Level_Insol.st"
    Type="File"
    LastWriteTime="132803073293926349"
    Private="false" />
  <Object
    Path="C:\Users\User\Desktop\IP001\Logical\Libraries\LibIP001\Valve_XCH.st"
    LogicalPath="Libraries.LibIP001.Valve_XCH.st"
    Type="File"
    LastWriteTime="132803073294304093"
    Private="false" />
  <Object
    Path="C:\Users\User\Desktop\IP001\Logical\Libraries\LibIP001\Valves_XCH.st"
    LogicalPath="Libraries.LibIP001.Valves_XCH.st"
    Type="File"
    LastWriteTime="132803073294142974"
    Private="false" />
  <Object
    Path="C:\Users\User\Desktop\IP001\Logical\Libraries\standard\binary.lby"
    LogicalPath="Libraries.standard"
    Type="Library"
    LastWriteTime="132682972340000000" />
  <Object
    Path="C:\Users\User\Desktop\IP001\Logical\Libraries\standard\standard.fun"
    LogicalPath="Libraries.standard.standard.fun"
    Type="File"
    LastWriteTime="132682972340000000"
    Private="false" />
  <Object
    Path="C:\Users\User\Desktop\IP001\Logical\Libraries\standard\standard.typ"
    LogicalPath="Libraries.standard.standard.typ"
    Type="File"
    LastWriteTime="132682972340000000"
    Private="false" />
  <Object
    Path="C:\Users\User\Desktop\IP001\Logical\Libraries\standard\standard.var"
    LogicalPath="Libraries.standard.standard.var"
    Type="File"
    LastWriteTime="132682972340000000"
    Private="false" />
  <Object
    Path="C:\Users\User\Desktop\IP001\Logical\Libraries\AsMbTCP\binary.lby"
    LogicalPath="Libraries.AsMbTCP"
    Type="Library"
    LastWriteTime="132682972340000000" />
  <Object
    Path="C:\Users\User\Desktop\IP001\Logical\Libraries\AsMbTCP\AsMbTCP.fun"
    LogicalPath="Libraries.AsMbTCP.AsMbTCP.fun"
    Type="File"
    LastWriteTime="132682972340000000"
    Private="false" />
  <Object
    Path="C:\Users\User\Desktop\IP001\Logical\Libraries\AsMbTCP\AsMbTCP.typ"
    LogicalPath="Libraries.AsMbTCP.AsMbTCP.typ"
    Type="File"
    LastWriteTime="132682972340000000"
    Private="false" />
  <Object
    Path="C:\Users\User\Desktop\IP001\Logical\Libraries\AsMbTCP\AsMbTCP.var"
    LogicalPath="Libraries.AsMbTCP.AsMbTCP.var"
    Type="File"
    LastWriteTime="132682972340000000"
    Private="false" />
  <Object
    Path="C:\Users\User\Desktop\IP001\Logical\Libraries\AsBrStr\binary.lby"
    LogicalPath="Libraries.AsBrStr"
    Type="Library"
    LastWriteTime="132682972340000000" />
  <Object
    Path="C:\Users\User\Desktop\IP001\Logical\Libraries\AsBrStr\AsBrStr.fun"
    LogicalPath="Libraries.AsBrStr.AsBrStr.fun"
    Type="File"
    LastWriteTime="132682972340000000"
    Private="false" />
  <Object
    Path="C:\Users\User\Desktop\IP001\Logical\Libraries\AsBrStr\AsBrStr.typ"
    LogicalPath="Libraries.AsBrStr.AsBrStr.typ"
    Type="File"
    LastWriteTime="132682972340000000"
    Private="false" />
  <Object
    Path="C:\Users\User\Desktop\IP001\Logical\Libraries\AsBrStr\AsBrStr.var"
    LogicalPath="Libraries.AsBrStr.AsBrStr.var"
    Type="File"
    LastWriteTime="132682972340000000"
    Private="false" />
  <Object
    Path="C:\Users\User\Desktop\IP001\Logical\Libraries\asstring\binary.lby"
    LogicalPath="Libraries.asstring"
    Type="Library"
    LastWriteTime="132682972340000000" />
  <Object
    Path="C:\Users\User\Desktop\IP001\Logical\Libraries\asstring\asstring.fun"
    LogicalPath="Libraries.asstring.asstring.fun"
    Type="File"
    LastWriteTime="132682972340000000"
    Private="false" />
  <Object
    Path="C:\Users\User\Desktop\IP001\Logical\Libraries\asstring\asstring.typ"
    LogicalPath="Libraries.asstring.asstring.typ"
    Type="File"
    LastWriteTime="132682972340000000"
    Private="false" />
  <Object
    Path="C:\Users\User\Desktop\IP001\Logical\Libraries\asstring\asstring.var"
    LogicalPath="Libraries.asstring.asstring.var"
    Type="File"
    LastWriteTime="132682972340000000"
    Private="false" />
  <Object
    Path="C:\Users\User\Desktop\IP001\Logical\Libraries\MTBasics\binary.lby"
    LogicalPath="Libraries.MTBasics"
    Type="Library"
    LastWriteTime="132682972340000000" />
  <Object
    Path="C:\Users\User\Desktop\IP001\Logical\Libraries\MTBasics\MTBasics.fun"
    LogicalPath="Libraries.MTBasics.MTBasics.fun"
    Type="File"
    LastWriteTime="132682972340000000"
    Private="false" />
  <Object
    Path="C:\Users\User\Desktop\IP001\Logical\Libraries\MTBasics\MTBasics.typ"
    LogicalPath="Libraries.MTBasics.MTBasics.typ"
    Type="File"
    LastWriteTime="132682972340000000"
    Private="false" />
  <Object
    Path="C:\Users\User\Desktop\IP001\Logical\Libraries\MTBasics\MTBasics.var"
    LogicalPath="Libraries.MTBasics.MTBasics.var"
    Type="File"
    LastWriteTime="132682972340000000"
    Private="false" />
  <Object
    Path="C:\Users\User\Desktop\IP001\Logical\Libraries\DRV_mbus\binary.lby"
    LogicalPath="Libraries.DRV_mbus"
    Type="Library"
    LastWriteTime="132682972340000000" />
  <Object
    Path="C:\Users\User\Desktop\IP001\Logical\Libraries\DRV_mbus\DRV_mbus.fun"
    LogicalPath="Libraries.DRV_mbus.DRV_mbus.fun"
    Type="File"
    LastWriteTime="132682972340000000"
    Private="false" />
  <Object
    Path="C:\Users\User\Desktop\IP001\Logical\Libraries\DRV_mbus\DRV_mbus.typ"
    LogicalPath="Libraries.DRV_mbus.DRV_mbus.typ"
    Type="File"
    LastWriteTime="132682972340000000"
    Private="false" />
  <Object
    Path="C:\Users\User\Desktop\IP001\Logical\Libraries\DRV_mbus\DRV_mbus.var"
    LogicalPath="Libraries.DRV_mbus.DRV_mbus.var"
    Type="File"
    LastWriteTime="132682972340000000"
    Private="false" />
  <Object
    Path="C:\Users\User\Desktop\IP001\Logical\Libraries\DataObj\binary.lby"
    LogicalPath="Libraries.DataObj"
    Type="Library"
    LastWriteTime="132682972340000000" />
  <Object
    Path="C:\Users\User\Desktop\IP001\Logical\Libraries\DataObj\DataObj.fun"
    LogicalPath="Libraries.DataObj.DataObj.fun"
    Type="File"
    LastWriteTime="132682972340000000"
    Private="false" />
  <Object
    Path="C:\Users\User\Desktop\IP001\Logical\Libraries\DataObj\DataObj.typ"
    LogicalPath="Libraries.DataObj.DataObj.typ"
    Type="File"
    LastWriteTime="132682972340000000"
    Private="false" />
  <Object
    Path="C:\Users\User\Desktop\IP001\Logical\Libraries\DataObj\DataObj.var"
    LogicalPath="Libraries.DataObj.DataObj.var"
    Type="File"
    LastWriteTime="132682972340000000"
    Private="false" />
  <Object
    Path="C:\Users\User\Desktop\IP001\Logical\Libraries\sys_lib\binary.lby"
    LogicalPath="Libraries.sys_lib"
    Type="Library"
    LastWriteTime="132682972340000000" />
  <Object
    Path="C:\Users\User\Desktop\IP001\Logical\Libraries\sys_lib\sys_lib.fun"
    LogicalPath="Libraries.sys_lib.sys_lib.fun"
    Type="File"
    LastWriteTime="132682972340000000"
    Private="false" />
  <Object
    Path="C:\Users\User\Desktop\IP001\Logical\Libraries\sys_lib\sys_lib.typ"
    LogicalPath="Libraries.sys_lib.sys_lib.typ"
    Type="File"
    LastWriteTime="132682972340000000"
    Private="false" />
  <Object
    Path="C:\Users\User\Desktop\IP001\Logical\Libraries\sys_lib\sys_lib.var"
    LogicalPath="Libraries.sys_lib.sys_lib.var"
    Type="File"
    LastWriteTime="132682972340000000"
    Private="false" />
  <Object
    Path="C:\Users\User\Desktop\IP001\Logical\Libraries\brsystem\binary.lby"
    LogicalPath="Libraries.brsystem"
    Type="Library"
    LastWriteTime="132682972340000000" />
  <Object
    Path="C:\Users\User\Desktop\IP001\Logical\Libraries\brsystem\brsystem.fun"
    LogicalPath="Libraries.brsystem.brsystem.fun"
    Type="File"
    LastWriteTime="132682972340000000"
    Private="false" />
  <Object
    Path="C:\Users\User\Desktop\IP001\Logical\Libraries\brsystem\brsystem.typ"
    LogicalPath="Libraries.brsystem.brsystem.typ"
    Type="File"
    LastWriteTime="132682972340000000"
    Private="false" />
  <Object
    Path="C:\Users\User\Desktop\IP001\Logical\Libraries\brsystem\brsystem.var"
    LogicalPath="Libraries.brsystem.brsystem.var"
    Type="File"
    LastWriteTime="132682972340000000"
    Private="false" />
  <Object
    Path="C:\Users\User\Desktop\IP001\Logical\Libraries\MTTypes\binary.lby"
    LogicalPath="Libraries.MTTypes"
    Type="Library"
    LastWriteTime="132682972340000000" />
  <Object
    Path="C:\Users\User\Desktop\IP001\Logical\Libraries\MTTypes\MTTypes.fun"
    LogicalPath="Libraries.MTTypes.MTTypes.fun"
    Type="File"
    LastWriteTime="132682972340000000"
    Private="false" />
  <Object
    Path="C:\Users\User\Desktop\IP001\Logical\Libraries\MTTypes\MTTypes.typ"
    LogicalPath="Libraries.MTTypes.MTTypes.typ"
    Type="File"
    LastWriteTime="132682972340000000"
    Private="false" />
  <Object
    Path="C:\Users\User\Desktop\IP001\Logical\Libraries\MTTypes\MTTypes.var"
    LogicalPath="Libraries.MTTypes.MTTypes.var"
    Type="File"
    LastWriteTime="132682972340000000"
    Private="false" />
  <Object
    Path="C:\Users\User\Desktop\IP001\Logical\Libraries\dvframe\binary.lby"
    LogicalPath="Libraries.dvframe"
    Type="Library"
    LastWriteTime="132682972340000000" />
  <Object
    Path="C:\Users\User\Desktop\IP001\Logical\Libraries\dvframe\dvframe.fun"
    LogicalPath="Libraries.dvframe.dvframe.fun"
    Type="File"
    LastWriteTime="132682972340000000"
    Private="false" />
  <Object
    Path="C:\Users\User\Desktop\IP001\Logical\Libraries\dvframe\dvframe.typ"
    LogicalPath="Libraries.dvframe.dvframe.typ"
    Type="File"
    LastWriteTime="132682972340000000"
    Private="false" />
  <Object
    Path="C:\Users\User\Desktop\IP001\Logical\Libraries\dvframe\dvframe.var"
    LogicalPath="Libraries.dvframe.dvframe.var"
    Type="File"
    LastWriteTime="132682972340000000"
    Private="false" />
  <Object
    Path="C:\Users\User\Desktop\IP001\Logical\DCS2_2\IEC.prg"
    LogicalPath="DCS2_2"
    Type="Program"
    LastWriteTime="132803073276565603" />
  <Object
    Path="C:\Users\User\Desktop\IP001\Logical\DCS2_2\Main.st"
    LogicalPath="DCS2_2.Main.st"
    Type="File"
    LastWriteTime="132803073276655557"
    Private="false" />
  <Object
    Path="C:\Users\User\Desktop\IP001\Logical\DCS2_2\Types.typ"
    LogicalPath="DCS2_2.Types.typ"
    Type="File"
    LastWriteTime="132803073276715308"
    Private="true" />
  <Object
    Path="C:\Users\User\Desktop\IP001\Logical\DCS2_2\Variables.var"
    LogicalPath="DCS2_2.Variables.var"
    Type="File"
    LastWriteTime="132803073276785266"
    Private="true" />
  <Object
    Path="C:\Users\User\Desktop\IP001\Logical\DCS4_1\IEC.prg"
    LogicalPath="DCS4_1"
    Type="Program"
    LastWriteTime="132803073285596169" />
  <Object
    Path="C:\Users\User\Desktop\IP001\Logical\DCS4_1\Main.st"
    LogicalPath="DCS4_1.Main.st"
    Type="File"
    LastWriteTime="132803073285666120"
    Private="false" />
  <Object
    Path="C:\Users\User\Desktop\IP001\Logical\DCS4_1\Types.typ"
    LogicalPath="DCS4_1.Types.typ"
    Type="File"
    LastWriteTime="132803073285743303"
    Private="true" />
  <Object
    Path="C:\Users\User\Desktop\IP001\Logical\DCS4_1\Variables.var"
    LogicalPath="DCS4_1.Variables.var"
    Type="File"
    LastWriteTime="132803073285803262"
    Private="true" />
  <Object
    Path="C:\Users\User\Desktop\IP001\Logical\DCS5_1\IEC.prg"
    LogicalPath="DCS5_1"
    Type="Program"
    LastWriteTime="132803073285893215" />
  <Object
    Path="C:\Users\User\Desktop\IP001\Logical\DCS5_1\Main.st"
    LogicalPath="DCS5_1.Main.st"
    Type="File"
    LastWriteTime="132803173843592909"
    Private="false" />
  <Object
    Path="C:\Users\User\Desktop\IP001\Logical\DCS5_1\Types.typ"
    LogicalPath="DCS5_1.Types.typ"
    Type="File"
    LastWriteTime="132803073286063082"
    Private="true" />
  <Object
    Path="C:\Users\User\Desktop\IP001\Logical\DCS5_1\Variables.var"
    LogicalPath="DCS5_1.Variables.var"
    Type="File"
    LastWriteTime="132803172057651769"
    Private="true" />
  <Object
    Path="C:\Users\User\Desktop\IP001\Logical\DCS9_1\IEC.prg"
    LogicalPath="DCS9_1"
    Type="Program"
    LastWriteTime="132803073286220765" />
  <Object
    Path="C:\Users\User\Desktop\IP001\Logical\DCS9_1\Main.st"
    LogicalPath="DCS9_1.Main.st"
    Type="File"
    LastWriteTime="132803073286300718"
    Private="false" />
  <Object
    Path="C:\Users\User\Desktop\IP001\Logical\DCS9_1\Types.typ"
    LogicalPath="DCS9_1.Types.typ"
    Type="File"
    LastWriteTime="132803073286369660"
    Private="true" />
  <Object
    Path="C:\Users\User\Desktop\IP001\Logical\DCS9_1\Variables.var"
    LogicalPath="DCS9_1.Variables.var"
    Type="File"
    LastWriteTime="132803073286429626"
    Private="true" />
  <Object
    Path="C:\Users\User\Desktop\IP001\Logical\DCS13_1\IEC.prg"
    LogicalPath="DCS13_1"
    Type="Program"
    LastWriteTime="132803073275536170" />
  <Object
    Path="C:\Users\User\Desktop\IP001\Logical\DCS13_1\Main.st"
    LogicalPath="DCS13_1.Main.st"
    Type="File"
    LastWriteTime="132803073275663314"
    Private="false" />
  <Object
    Path="C:\Users\User\Desktop\IP001\Logical\DCS13_1\Types.typ"
    LogicalPath="DCS13_1.Types.typ"
    Type="File"
    LastWriteTime="132803073275737906"
    Private="true" />
  <Object
    Path="C:\Users\User\Desktop\IP001\Logical\DCS13_1\Variables.var"
    LogicalPath="DCS13_1.Variables.var"
    Type="File"
    LastWriteTime="132803073275808139"
    Private="true" />
  <Object
    Path="C:\Users\User\Desktop\IP001\Logical\DCS15_1\IEC.prg"
    LogicalPath="DCS15_1"
    Type="Program"
    LastWriteTime="132803073275899506" />
  <Object
    Path="C:\Users\User\Desktop\IP001\Logical\DCS15_1\Main.st"
    LogicalPath="DCS15_1.Main.st"
    Type="File"
    LastWriteTime="132803073275979473"
    Private="false" />
  <Object
    Path="C:\Users\User\Desktop\IP001\Logical\DCS15_1\Types.typ"
    LogicalPath="DCS15_1.Types.typ"
    Type="File"
    LastWriteTime="132803073276039433"
    Private="true" />
  <Object
    Path="C:\Users\User\Desktop\IP001\Logical\DCS15_1\Variables.var"
    LogicalPath="DCS15_1.Variables.var"
    Type="File"
    LastWriteTime="132803073276139344"
    Private="true" />
  <Object
    Path="C:\Users\User\Desktop\IP001\Logical\DCS18_1\IEC.prg"
    LogicalPath="DCS18_1"
    Type="Program"
    LastWriteTime="132803073276226605" />
  <Object
    Path="C:\Users\User\Desktop\IP001\Logical\DCS18_1\Main.st"
    LogicalPath="DCS18_1.Main.st"
    Type="File"
    LastWriteTime="132803073276316567"
    Private="false" />
  <Object
    Path="C:\Users\User\Desktop\IP001\Logical\DCS18_1\Types.typ"
    LogicalPath="DCS18_1.Types.typ"
    Type="File"
    LastWriteTime="132803073276381980"
    Private="true" />
  <Object
    Path="C:\Users\User\Desktop\IP001\Logical\DCS18_1\Variables.var"
    LogicalPath="DCS18_1.Variables.var"
    Type="File"
    LastWriteTime="132803073276452141"
    Private="true" />
  <Object
    Path="C:\Users\User\Desktop\IP001\Logical\DCS31_1\IEC.prg"
    LogicalPath="DCS31_1"
    Type="Program"
    LastWriteTime="132803073276875218" />
  <Object
    Path="C:\Users\User\Desktop\IP001\Logical\DCS31_1\Main.st"
    LogicalPath="DCS31_1.Main.st"
    Type="File"
    LastWriteTime="132803073276954947"
    Private="false" />
  <Object
    Path="C:\Users\User\Desktop\IP001\Logical\DCS31_1\Types.typ"
    LogicalPath="DCS31_1.Types.typ"
    Type="File"
    LastWriteTime="132803073277024902"
    Private="true" />
  <Object
    Path="C:\Users\User\Desktop\IP001\Logical\DCS31_1\Variables.var"
    LogicalPath="DCS31_1.Variables.var"
    Type="File"
    LastWriteTime="132803073277104876"
    Private="true" />
  <Object
    Path="C:\Users\User\Desktop\IP001\Logical\DCS31_2\IEC.prg"
    LogicalPath="DCS31_2"
    Type="Program"
    LastWriteTime="132803073277197264" />
  <Object
    Path="C:\Users\User\Desktop\IP001\Logical\DCS31_2\Main.st"
    LogicalPath="DCS31_2.Main.st"
    Type="File"
    LastWriteTime="132803073277277205"
    Private="false" />
  <Object
    Path="C:\Users\User\Desktop\IP001\Logical\DCS31_2\Types.typ"
    LogicalPath="DCS31_2.Types.typ"
    Type="File"
    LastWriteTime="132803073277347377"
    Private="true" />
  <Object
    Path="C:\Users\User\Desktop\IP001\Logical\DCS31_2\Variables.var"
    LogicalPath="DCS31_2.Variables.var"
    Type="File"
    LastWriteTime="132803073277417373"
    Private="true" />
  <Object
    Path="C:\Users\User\Desktop\IP001\Logical\DCS31_3\IEC.prg"
    LogicalPath="DCS31_3"
    Type="Program"
    LastWriteTime="132803073277509601" />
  <Object
    Path="C:\Users\User\Desktop\IP001\Logical\DCS31_3\Main.st"
    LogicalPath="DCS31_3.Main.st"
    Type="File"
    LastWriteTime="132803073277589676"
    Private="false" />
  <Object
    Path="C:\Users\User\Desktop\IP001\Logical\DCS31_3\Types.typ"
    LogicalPath="DCS31_3.Types.typ"
    Type="File"
    LastWriteTime="132803073277649458"
    Private="true" />
  <Object
    Path="C:\Users\User\Desktop\IP001\Logical\DCS31_3\Variables.var"
    LogicalPath="DCS31_3.Variables.var"
    Type="File"
    LastWriteTime="132803073277714188"
    Private="true" />
  <Object
    Path="C:\Users\User\Desktop\IP001\Logical\DCS31_4\IEC.prg"
    LogicalPath="DCS31_4"
    Type="Program"
    LastWriteTime="132803073277814130" />
  <Object
    Path="C:\Users\User\Desktop\IP001\Logical\DCS31_4\Main.st"
    LogicalPath="DCS31_4.Main.st"
    Type="File"
    LastWriteTime="132803073277894250"
    Private="false" />
  <Object
    Path="C:\Users\User\Desktop\IP001\Logical\DCS31_4\Types.typ"
    LogicalPath="DCS31_4.Types.typ"
    Type="File"
    LastWriteTime="132803073278921468"
    Private="true" />
  <Object
    Path="C:\Users\User\Desktop\IP001\Logical\DCS31_4\Variables.var"
    LogicalPath="DCS31_4.Variables.var"
    Type="File"
    LastWriteTime="132803073279037365"
    Private="true" />
  <Object
    Path="C:\Users\User\Desktop\IP001\Logical\DCS34_1\IEC.prg"
    LogicalPath="DCS34_1"
    Type="Program"
    LastWriteTime="132803073279181061" />
  <Object
    Path="C:\Users\User\Desktop\IP001\Logical\DCS34_1\Main.st"
    LogicalPath="DCS34_1.Main.st"
    Type="File"
    LastWriteTime="132803073279860090"
    Private="false" />
  <Object
    Path="C:\Users\User\Desktop\IP001\Logical\DCS34_1\Types.typ"
    LogicalPath="DCS34_1.Types.typ"
    Type="File"
    LastWriteTime="132803073279970019"
    Private="true" />
  <Object
    Path="C:\Users\User\Desktop\IP001\Logical\DCS34_1\Variables.var"
    LogicalPath="DCS34_1.Variables.var"
    Type="File"
    LastWriteTime="132803073280057483"
    Private="true" />
  <Object
    Path="C:\Users\User\Desktop\IP001\Logical\DCS35_1\IEC.prg"
    LogicalPath="DCS35_1"
    Type="Program"
    LastWriteTime="132803073281546849" />
  <Object
    Path="C:\Users\User\Desktop\IP001\Logical\DCS35_1\Main.st"
    LogicalPath="DCS35_1.Main.st"
    Type="File"
    LastWriteTime="132803073281746619"
    Private="false" />
  <Object
    Path="C:\Users\User\Desktop\IP001\Logical\DCS35_1\Types.typ"
    LogicalPath="DCS35_1.Types.typ"
    Type="File"
    LastWriteTime="132803073281877266"
    Private="true" />
  <Object
    Path="C:\Users\User\Desktop\IP001\Logical\DCS35_1\Variables.var"
    LogicalPath="DCS35_1.Variables.var"
    Type="File"
    LastWriteTime="132803073282027268"
    Private="true" />
  <Object
    Path="C:\Users\User\Desktop\IP001\Logical\DCS36_1\IEC.prg"
    LogicalPath="DCS36_1"
    Type="Program"
    LastWriteTime="132803229172193593" />
  <Object
    Path="C:\Users\User\Desktop\IP001\Logical\DCS36_1\Main.st"
    LogicalPath="DCS36_1.Main.st"
    Type="File"
    LastWriteTime="132803073282293212"
    Private="false" />
  <Object
    Path="C:\Users\User\Desktop\IP001\Logical\DCS36_1\Types.typ"
    LogicalPath="DCS36_1.Types.typ"
    Type="File"
    LastWriteTime="132803073282349553"
    Private="true" />
  <Object
    Path="C:\Users\User\Desktop\IP001\Logical\DCS36_1\Variables.var"
    LogicalPath="DCS36_1.Variables.var"
    Type="File"
    LastWriteTime="132803073282429542"
    Private="true" />
  <Object
    Path="C:\Users\User\Desktop\IP001\Logical\DCS37_1\IEC.prg"
    LogicalPath="DCS37_1"
    Type="Program"
    LastWriteTime="132803073282515033" />
  <Object
    Path="C:\Users\User\Desktop\IP001\Logical\DCS37_1\Main.st"
    LogicalPath="DCS37_1.Main.st"
    Type="File"
    LastWriteTime="132803073282594985"
    Private="false" />
  <Object
    Path="C:\Users\User\Desktop\IP001\Logical\DCS37_1\Types.typ"
    LogicalPath="DCS37_1.Types.typ"
    Type="File"
    LastWriteTime="132803073282663762"
    Private="true" />
  <Object
    Path="C:\Users\User\Desktop\IP001\Logical\DCS37_1\Variables.var"
    LogicalPath="DCS37_1.Variables.var"
    Type="File"
    LastWriteTime="132803073282743744"
    Private="true" />
  <Object
    Path="C:\Users\User\Desktop\IP001\Logical\DCS39_1\IEC.prg"
    LogicalPath="DCS39_1"
    Type="Program"
    LastWriteTime="132803073282828950" />
  <Object
    Path="C:\Users\User\Desktop\IP001\Logical\DCS39_1\Main.st"
    LogicalPath="DCS39_1.Main.st"
    Type="File"
    LastWriteTime="132803073282915528"
    Private="false" />
  <Object
    Path="C:\Users\User\Desktop\IP001\Logical\DCS39_1\Types.typ"
    LogicalPath="DCS39_1.Types.typ"
    Type="File"
    LastWriteTime="132803073282988694"
    Private="true" />
  <Object
    Path="C:\Users\User\Desktop\IP001\Logical\DCS39_1\Variables.var"
    LogicalPath="DCS39_1.Variables.var"
    Type="File"
    LastWriteTime="132803073283048657"
    Private="true" />
  <Object
    Path="C:\Users\User\Desktop\IP001\Logical\DCS40_1\IEC.prg"
    LogicalPath="DCS40_1"
    Type="Program"
    LastWriteTime="132803073283145355" />
  <Object
    Path="C:\Users\User\Desktop\IP001\Logical\DCS40_1\Main.st"
    LogicalPath="DCS40_1.Main.st"
    Type="File"
    LastWriteTime="132803073283225307"
    Private="false" />
  <Object
    Path="C:\Users\User\Desktop\IP001\Logical\DCS40_1\Types.typ"
    LogicalPath="DCS40_1.Types.typ"
    Type="File"
    LastWriteTime="132803073283295255"
    Private="true" />
  <Object
    Path="C:\Users\User\Desktop\IP001\Logical\DCS40_1\Variables.var"
    LogicalPath="DCS40_1.Variables.var"
    Type="File"
    LastWriteTime="132803073283365002"
    Private="true" />
  <Object
    Path="C:\Users\User\Desktop\IP001\Logical\DCS45_1\IEC.prg"
    LogicalPath="DCS45_1"
    Type="Program"
    LastWriteTime="132803073283483487" />
  <Object
    Path="C:\Users\User\Desktop\IP001\Logical\DCS45_1\Main.st"
    LogicalPath="DCS45_1.Main.st"
    Type="File"
    LastWriteTime="132872359551026241"
    Private="false" />
  <Object
    Path="C:\Users\User\Desktop\IP001\Logical\DCS45_1\Types.typ"
    LogicalPath="DCS45_1.Types.typ"
    Type="File"
    LastWriteTime="132803073283633367"
    Private="true" />
  <Object
    Path="C:\Users\User\Desktop\IP001\Logical\DCS45_1\Variables.var"
    LogicalPath="DCS45_1.Variables.var"
    Type="File"
    LastWriteTime="132872184879853550"
    Private="true" />
  <Object
    Path="C:\Users\User\Desktop\IP001\Physical\DCS45_1\Config.pkg"
    LogicalPath="DCS45_1"
    Type="Configuration.ParentUnknown"
    LastWriteTime="132803073358156271" />
  <Object
    Path="C:\Users\User\Desktop\IP001\Physical\DCS45_1\Hardware.hw"
    LogicalPath="DCS45_1.Hardware.hw"
    Type="File"
    LastWriteTime="132872210229832170"
    Private="false" />
  <Object
    Path="C:\Users\User\Desktop\IP001\Physical\DCS45_1\Hardware.hwl"
    LogicalPath="DCS45_1.Hardware.hwl"
    Type="File"
    LastWriteTime="132872207463577291"
    Private="false" />
  <Object
    Path="C:\Users\User\Desktop\IP001\Physical\DCS45_1\X20CP0482\Cpu.pkg"
    LogicalPath="DCS45_1.X20CP0482"
    Type="Cpu"
    LastWriteTime="132808311556425005" />
  <Object
    Path="C:\Users\User\Desktop\IP001\Physical\DCS45_1\X20CP0482\Cpu.sw"
    LogicalPath="DCS45_1.X20CP0482.Cpu.sw"
    Type="File"
    LastWriteTime="132803073358655897"
    Private="false" />
  <Object
    Path="C:\Users\User\Desktop\IP001\Physical\DCS45_1\X20CP0482\Cpu.per"
    LogicalPath="DCS45_1.X20CP0482.Cpu.per"
    Type="File"
    LastWriteTime="132803073358509594"
    Private="false" />
  <Object
    Path="C:\Users\User\Desktop\IP001\Physical\DCS45_1\X20CP0482\IoMap.iom"
    LogicalPath="DCS45_1.X20CP0482.IoMap.iom"
    Type="File"
    LastWriteTime="132808356005025283"
    Private="false" />
  <Object
    Path="C:\Users\User\Desktop\IP001\Physical\DCS45_1\X20CP0482\PvMap.vvm"
    LogicalPath="DCS45_1.X20CP0482.PvMap.vvm"
    Type="File"
    LastWriteTime="132803073358796569"
    Private="false" />
  <Object
    Path="C:\Users\User\Desktop\IP001\Physical\DCS45_1\X20CP0482\Connectivity\Package.pkg"
    LogicalPath="DCS45_1.X20CP0482.Connectivity"
    Type="Package"
    LastWriteTime="132803073360571875" />
  <Object
    Path="C:\Users\User\Desktop\IP001\Physical\DCS45_1\X20CP0482\Connectivity\OpcUA\Package.pkg"
    LogicalPath="DCS45_1.X20CP0482.Connectivity.OpcUA"
    Type="Package"
    LastWriteTime="132872216827893632" />
  <Object
    Path="C:\Users\User\Desktop\IP001\Physical\DCS45_1\X20CP0482\Connectivity\OpcUA\OpcUaMap.uad"
    LogicalPath="DCS45_1.X20CP0482.Connectivity.OpcUA.OpcUaMap.uad"
    Type="File"
    LastWriteTime="132872217869095541"
    Private="false" />
  <Object
    Path="C:\Users\User\Desktop\IP001\Physical\DCS45_1\X20CP0482\TextSystem\Package.pkg"
    LogicalPath="DCS45_1.X20CP0482.TextSystem"
    Type="Package"
    LastWriteTime="132803073361333599" />
  <Object
    Path="C:\Users\User\Desktop\IP001\Physical\DCS45_1\X20CP0482\UnitSystem\Package.pkg"
    LogicalPath="DCS45_1.X20CP0482.UnitSystem"
    Type="Package"
    LastWriteTime="132803073361444214" />
  <Object
    Path="C:\Users\User\Desktop\IP001\Physical\DCS45_1\X20CP0482\AccessAndSecurity\Package.pkg"
    LogicalPath="DCS45_1.X20CP0482.AccessAndSecurity"
    Type="Package"
    LastWriteTime="132803073358909452" />
  <Object
    Path="C:\Users\User\Desktop\IP001\Physical\DCS45_1\X20CP0482\AccessAndSecurity\UserRoleSystem\Package.pkg"
    LogicalPath="DCS45_1.X20CP0482.AccessAndSecurity.UserRoleSystem"
    Type="Package"
    LastWriteTime="132803073360304508" />
  <Object
    Path="C:\Users\User\Desktop\IP001\Physical\DCS45_1\X20CP0482\AccessAndSecurity\UserRoleSystem\Role.role"
    LogicalPath="DCS45_1.X20CP0482.AccessAndSecurity.UserRoleSystem.Role.role"
    Type="File"
    LastWriteTime="132803073360384491"
    Private="false" />
  <Object
    Path="C:\Users\User\Desktop\IP001\Physical\DCS45_1\X20CP0482\AccessAndSecurity\UserRoleSystem\User.user"
    LogicalPath="DCS45_1.X20CP0482.AccessAndSecurity.UserRoleSystem.User.user"
    Type="File"
    LastWriteTime="132803073360441681"
    Private="false" />
  <Object
    Path="C:\Users\User\Desktop\IP001\Physical\DCS45_1\X20CP0482\AccessAndSecurity\CertificateStore\Package.pkg"
    LogicalPath="DCS45_1.X20CP0482.AccessAndSecurity.CertificateStore"
    Type="Package"
    LastWriteTime="132803073359022721" />
  <Object
    Path="C:\Users\User\Desktop\IP001\Physical\DCS45_1\X20CP0482\AccessAndSecurity\CertificateStore\OwnCertificates\Package.pkg"
    LogicalPath="DCS45_1.X20CP0482.AccessAndSecurity.CertificateStore.OwnCertificates"
    Type="Package"
    LastWriteTime="132803073359370389" />
  <Object
    Path="C:\Users\User\Desktop\IP001\Physical\DCS45_1\X20CP0482\AccessAndSecurity\CertificateStore\OwnCertificates\Certificates\Package.pkg"
    LogicalPath="DCS45_1.X20CP0482.AccessAndSecurity.CertificateStore.OwnCertificates.Certificates"
    Type="Package"
    LastWriteTime="132803073359499105" />
  <Object
    Path="C:\Users\User\Desktop\IP001\Physical\DCS45_1\X20CP0482\AccessAndSecurity\CertificateStore\OwnCertificates\PrivateKeys\Package.pkg"
    LogicalPath="DCS45_1.X20CP0482.AccessAndSecurity.CertificateStore.OwnCertificates.PrivateKeys"
    Type="Package"
    LastWriteTime="132803073359622599" />
  <Object
    Path="C:\Users\User\Desktop\IP001\Physical\DCS45_1\X20CP0482\AccessAndSecurity\CertificateStore\ThirdPartyCertificates\Package.pkg"
    LogicalPath="DCS45_1.X20CP0482.AccessAndSecurity.CertificateStore.ThirdPartyCertificates"
    Type="Package"
    LastWriteTime="132803073359760511" />
  <Object
    Path="C:\Users\User\Desktop\IP001\Physical\DCS45_1\X20CP0482\AccessAndSecurity\CertificateStore\ThirdPartyCertificates\SoftwareCertificates\Package.pkg"
    LogicalPath="DCS45_1.X20CP0482.AccessAndSecurity.CertificateStore.ThirdPartyCertificates.SoftwareCertificates"
    Type="Package"
    LastWriteTime="132803073359870760" />
  <Object
    Path="C:\Users\User\Desktop\IP001\Physical\DCS45_1\X20CP0482\AccessAndSecurity\CertificateStore\CertificateRevocationLists\Package.pkg"
    LogicalPath="DCS45_1.X20CP0482.AccessAndSecurity.CertificateStore.CertificateRevocationLists"
    Type="Package"
    LastWriteTime="132803073359132654" />
  <Object
    Path="C:\Users\User\Desktop\IP001\Physical\DCS45_1\X20CP0482\AccessAndSecurity\CertificateStore\CertificateSigningRequests\Package.pkg"
    LogicalPath="DCS45_1.X20CP0482.AccessAndSecurity.CertificateStore.CertificateSigningRequests"
    Type="Package"
    LastWriteTime="132803073359260442" />
  <Object
    Path="C:\Users\User\Desktop\IP001\Physical\DCS45_1\X20CP0482\AccessAndSecurity\TransportLayerSecurity\Package.pkg"
    LogicalPath="DCS45_1.X20CP0482.AccessAndSecurity.TransportLayerSecurity"
    Type="Package"
    LastWriteTime="132803073360188068" />
  <Object
    Path="C:\Users\User\Desktop\IP001\Physical\DCS45_1\X20CP0482\AccessAndSecurity\Firewall\Package.pkg"
    LogicalPath="DCS45_1.X20CP0482.AccessAndSecurity.Firewall"
    Type="Package"
    LastWriteTime="132803073359988206" />
  <Object
    Path="C:\Users\User\Desktop\IP001\Physical\DCS45_1\X20CP0482\AccessAndSecurity\Firewall\Rules.firewallRules"
    LogicalPath="DCS45_1.X20CP0482.AccessAndSecurity.Firewall.Rules.firewallRules"
    Type="File"
    LastWriteTime="132803073360068127"
    Private="false" />
  <Object
    Path="C:\Users\User\Desktop\IP001\Physical\DCS45_1\X20CP0482\mappControl\Package.pkg"
    LogicalPath="DCS45_1.X20CP0482.mappControl"
    Type="Package"
    LastWriteTime="132803073360887927" />
  <Object
    Path="C:\Users\User\Desktop\IP001\Physical\DCS45_1\X20CP0482\mappMotion\Package.pkg"
    LogicalPath="DCS45_1.X20CP0482.mappMotion"
    Type="Package"
    LastWriteTime="132803073361013658" />
  <Object
    Path="C:\Users\User\Desktop\IP001\Physical\DCS45_1\X20CP0482\mappServices\Package.pkg"
    LogicalPath="DCS45_1.X20CP0482.mappServices"
    Type="Package"
    LastWriteTime="132803073361129534" />
  <Object
    Path="C:\Users\User\Desktop\IP001\Physical\DCS45_1\X20CP0482\mappView\Package.pkg"
    LogicalPath="DCS45_1.X20CP0482.mappView"
    Type="Package"
    LastWriteTime="132803073361237430" />
  <Object
    Path="C:\Users\User\Desktop\IP001\Physical\DCS45_1\X20CP0482\mappCockpit\Package.pkg"
    LogicalPath="DCS45_1.X20CP0482.mappCockpit"
    Type="Package"
    LastWriteTime="132803073360785013" />
  <Object
    Path="C:\Users\User\Desktop\IP001\Physical\DCS45_1\Hardware.jpg"
    LogicalPath="DCS45_1.Hardware.jpg"
    Type="File"
    LastWriteTime="132872207463733291"
    Private="false" />
</Objects>